******************************************************************************
                  TI ARM Linker Unix v20.2.1                   
******************************************************************************
>> Linked Thu Oct  1 11:43:58 2020

OUTPUT FILE NAME:   <hello2.out>
ENTRY POINT SYMBOL: "_c_int00_noargs"  address: 00001009


MEMORY CONFIGURATION

         name            origin    length      used     unused   attr    fill
----------------------  --------  ---------  --------  --------  ----  --------
  FLASH                 00000000   00040000  00001126  0003eeda  R  X
  SRAM                  20000000   00008000  0000020c  00007df4  RW X


SEGMENT ALLOCATION MAP

run origin  load origin   length   init length attrs members
----------  ----------- ---------- ----------- ----- -------
00000000    00000000    00001128   00001128    r-x
  00000000    00000000    0000026c   0000026c    r-- .intvecs
  0000026c    0000026c    00000e06   00000e06    r-x .text
  00001074    00001074    0000009c   0000009c    r-- .const
  00001110    00001110    00000018   00000018    r-- .cinit
20000000    20000000    0000020c   00000000    rw-
  20000000    20000000    00000200   00000000    rw- .stack
  20000200    20000200    0000000c   00000000    rw- .data


SECTION ALLOCATION MAP

 output                                  attributes/
section   page    origin      length       input sections
--------  ----  ----------  ----------   ----------------
.intvecs   0    00000000    0000026c     
                  00000000    0000026c     tm4c123gh6pm_startup_ccs.obj (.intvecs)

.text      0    0000026c    00000e06     
                  0000026c    0000061c     main.obj (.text)
                  00000888    000004e8     bsp.obj (.text)
                  00000d70    00000110     driverlib.lib : sysctl.obj (.text:SysCtlClockGet)
                  00000e80    0000009c     rtsv7M4_T_le_v4SPD16_eabi.lib : memcpy_t2.asm.obj (.text)
                  00000f1c    00000068                                   : copy_decompress_lzss.c.obj (.text:decompress:lzss:__TI_decompress_lzss)
                  00000f84    00000044                                   : autoinit.c.obj (.text:__TI_auto_init_nobinit_nopinit:__TI_auto_init_nobinit_nopinit)
                  00000fc8    00000040                                   : u_divt2.asm.obj (.text)
                  00001008    00000034                                   : boot_cortex_m.c.obj (.text:_c_int00_noargs:_c_int00_noargs)
                  0000103c    0000000e                                   : copy_decompress_none.c.obj (.text:decompress:none:__TI_decompress_none)
                  0000104a    0000000c     tm4c123gh6pm_startup_ccs.obj (.text)
                  00001056    00000006     driverlib.lib : gpio.obj (.text:GPIOPinWrite)
                  0000105c    00000006                   : sysctl.obj (.text:SysCtlDelay)
                  00001062    00000006                   : uart.obj (.text:UARTClockSourceSet)
                  00001068    00000004     rtsv7M4_T_le_v4SPD16_eabi.lib : pre_init.c.obj (.text:_system_pre_init)
                  0000106c    00000004                                   : exit.c.obj (.text:abort:abort)
                  00001070    00000002                                   : div0.asm.obj (.text)

.const     0    00001074    0000009c     
                  00001074    0000006c     driverlib.lib : sysctl.obj (.const:g_pui32Xtals)
                  000010e0    00000012     main.obj (.const:.string)
                  000010f2    00000002     --HOLE-- [fill = 0]
                  000010f4    0000000c     main.obj (.const:g_ui32UARTBase)
                  00001100    0000000c     main.obj (.const:g_ui32UARTPeriph)
                  0000110c    00000004     main.obj (.const)

.cinit     0    00001110    00000018     
                  00001110    00000008     (__TI_handler_table)
                  00001118    00000007     (.cinit..data.load) [load image, compression = lzss]
                  0000111f    00000001     --HOLE-- [fill = 0]
                  00001120    00000008     (__TI_cinit_table)

.init_array 
*          0    00000000    00000000     UNINITIALIZED

.data      0    20000200    0000000c     UNINITIALIZED
                  20000200    00000005     main.obj (.data)
                  20000205    00000003     --HOLE--
                  20000208    00000004     bsp.obj (.data)

.stack     0    20000000    00000200     UNINITIALIZED
                  20000000    00000004     rtsv7M4_T_le_v4SPD16_eabi.lib : boot_cortex_m.c.obj (.stack)
                  20000004    000001fc     --HOLE--

__llvm_prf_cnts 
*          0    20000000    00000000     UNINITIALIZED

MODULE SUMMARY

       Module                         code   ro data   rw data
       ------                         ----   -------   -------
    ./
       main.obj                       1564   46        5      
       tm4c123gh6pm_startup_ccs.obj   12     620       0      
    +--+------------------------------+------+---------+---------+
       Total:                         1576   666       5      
                                                              
    ./inc/
       bsp.obj                        1256   0         4      
    +--+------------------------------+------+---------+---------+
       Total:                         1256   0         4      
                                                              
    /Applications/ti/ccs1010/ccs/tools/compiler/ti-cgt-arm_20.2.1.LTS/lib/rtsv7M4_T_le_v4SPD16_eabi.lib
       memcpy_t2.asm.obj              156    0         0      
       copy_decompress_lzss.c.obj     104    0         0      
       autoinit.c.obj                 68     0         0      
       u_divt2.asm.obj                64     0         0      
       boot_cortex_m.c.obj            52     0         0      
       copy_decompress_none.c.obj     14     0         0      
       exit.c.obj                     4      0         0      
       pre_init.c.obj                 4      0         0      
       div0.asm.obj                   2      0         0      
    +--+------------------------------+------+---------+---------+
       Total:                         468    0         0      
                                                              
    /Users/fatimayousuf/ti/tivaware_c_series_2_1_4_178/driverlib/ccs/Debug/driverlib.lib
       sysctl.obj                     278    108       0      
       gpio.obj                       6      0         0      
       uart.obj                       6      0         0      
    +--+------------------------------+------+---------+---------+
       Total:                         290    108       0      
                                                              
       Stack:                         0      0         512    
       Linker Generated:              0      23        0      
    +--+------------------------------+------+---------+---------+
       Grand Total:                   3590   797       521    


LINKER GENERATED COPY TABLES

__TI_cinit_table @ 00001120 records: 1, size/record: 8, table size: 8
	.data: load addr=00001118, load size=00000007 bytes, run addr=20000200, run size=0000000c bytes, compression=lzss


LINKER GENERATED HANDLER TABLE

__TI_handler_table @ 00001110 records: 2, size/record: 4, table size: 8
	index: 0, handler: __TI_decompress_lzss
	index: 1, handler: __TI_decompress_none


GLOBAL SYMBOLS: SORTED ALPHABETICALLY BY Name 

address   name                          
-------   ----                          
00000ab7  BSP_Accelerometer_Init        
00000b35  BSP_Accelerometer_Input       
00000ce3  BSP_LightSensor_End           
00000b75  BSP_LightSensor_Init          
00000c9d  BSP_LightSensor_Input         
00000ccd  BSP_LightSensor_Start         
0000106d  C$$EXIT                       
00000737  ConfigureUART                 
00001057  GPIOPinWrite                  
20000208  LightBusy                     
0000104b  ResetISR                      
00000d71  SysCtlClockGet                
0000105d  SysCtlDelay                   
00001063  UARTClockSourceSet            
0000026d  UARTStdioConfig               
000003e5  UARTgetc                      
0000031f  UARTgets                      
00000713  UARTprintf                    
00000419  UARTvprintf                   
000002cd  UARTwrite                     
20000200  __STACK_END                   
00000200  __STACK_SIZE                  
20000200  __STACK_TOP                   
00001120  __TI_CINIT_Base               
00001128  __TI_CINIT_Limit              
00001110  __TI_Handler_Table_Base       
00001118  __TI_Handler_Table_Limit      
00000f85  __TI_auto_init_nobinit_nopinit
00000f1d  __TI_decompress_lzss          
0000103d  __TI_decompress_none          
ffffffff  __TI_pprof_out_hndl           
ffffffff  __TI_prof_data_size           
ffffffff  __TI_prof_data_start          
00000000  __TI_static_base__            
00001071  __aeabi_idiv0                 
00001071  __aeabi_ldiv0                 
00000e81  __aeabi_memcpy                
00000e81  __aeabi_memcpy4               
00000e81  __aeabi_memcpy8               
00000fc9  __aeabi_uidiv                 
00000fc9  __aeabi_uidivmod              
ffffffff  __binit__                     
ffffffff  __c_args__                    
UNDEFED   __mpu_init                    
20000000  __stack                       
20000000  __start___llvm_prf_cnts       
20000000  __stop___llvm_prf_cnts        
00001009  _c_int00_noargs               
UNDEFED   _system_post_cinit            
00001069  _system_pre_init              
0000106d  abort                         
ffffffff  binit                         
00000000  g_pfnVectors                  
00000793  main                          
00000e81  memcpy                        


GLOBAL SYMBOLS: SORTED BY Symbol Address 

address   name                          
-------   ----                          
00000000  __TI_static_base__            
00000000  g_pfnVectors                  
00000200  __STACK_SIZE                  
0000026d  UARTStdioConfig               
000002cd  UARTwrite                     
0000031f  UARTgets                      
000003e5  UARTgetc                      
00000419  UARTvprintf                   
00000713  UARTprintf                    
00000737  ConfigureUART                 
00000793  main                          
00000ab7  BSP_Accelerometer_Init        
00000b35  BSP_Accelerometer_Input       
00000b75  BSP_LightSensor_Init          
00000c9d  BSP_LightSensor_Input         
00000ccd  BSP_LightSensor_Start         
00000ce3  BSP_LightSensor_End           
00000d71  SysCtlClockGet                
00000e81  __aeabi_memcpy                
00000e81  __aeabi_memcpy4               
00000e81  __aeabi_memcpy8               
00000e81  memcpy                        
00000f1d  __TI_decompress_lzss          
00000f85  __TI_auto_init_nobinit_nopinit
00000fc9  __aeabi_uidiv                 
00000fc9  __aeabi_uidivmod              
00001009  _c_int00_noargs               
0000103d  __TI_decompress_none          
0000104b  ResetISR                      
00001057  GPIOPinWrite                  
0000105d  SysCtlDelay                   
00001063  UARTClockSourceSet            
00001069  _system_pre_init              
0000106d  C$$EXIT                       
0000106d  abort                         
00001071  __aeabi_idiv0                 
00001071  __aeabi_ldiv0                 
00001110  __TI_Handler_Table_Base       
00001118  __TI_Handler_Table_Limit      
00001120  __TI_CINIT_Base               
00001128  __TI_CINIT_Limit              
20000000  __stack                       
20000000  __start___llvm_prf_cnts       
20000000  __stop___llvm_prf_cnts        
20000200  __STACK_END                   
20000200  __STACK_TOP                   
20000208  LightBusy                     
ffffffff  __TI_pprof_out_hndl           
ffffffff  __TI_prof_data_size           
ffffffff  __TI_prof_data_start          
ffffffff  __binit__                     
ffffffff  __c_args__                    
ffffffff  binit                         
UNDEFED   __mpu_init                    
UNDEFED   _system_post_cinit            

[55 symbols]
